../Core/Src/main.c:90:5:_write	24	static
../Core/Src/main.c:102:5:main	8	static
../Core/Src/main.c:198:6:SystemClock_Config	88	static
../Core/Src/main.c:245:13:MX_FDCAN1_Init	40	static
../Core/Src/main.c:322:13:MX_TIM3_Init	40	static
../Core/Src/main.c:367:13:MX_USART2_UART_Init	8	static
../Core/Src/main.c:416:13:MX_GPIO_Init	40	static
../Core/Src/main.c:450:6:HAL_FDCAN_RxFifo0Callback	64	static
../Core/Src/main.c:466:6:CAN_Motordrive	24	static
../Core/Src/main.c:487:6:HAL_TIM_PeriodElapsedCallback	32	static
../Core/Src/main.c:550:6:Error_Handler	4	static,ignoring_inline_asm
