../Core/Src/main.c:67:5:_write	24	static
../Core/Src/main.c:73:6:CylN	16	static
../Core/Src/main.c:79:6:CylPush	16	static
../Core/Src/main.c:85:6:CylPull	16	static
../Core/Src/main.c:91:6:CylThrow	16	static
../Core/Src/main.c:101:6:CylRThrow	16	static
../Core/Src/main.c:111:6:CylStop	16	static
../Core/Src/main.c:116:6:CylDrive2	16	static
../Core/Src/main.c:132:6:CylDrive1	16	static
../Core/Src/main.c:143:5:main	16	static
../Core/Src/main.c:224:6:SystemClock_Config	88	static
../Core/Src/main.c:271:13:MX_FDCAN1_Init	40	static
../Core/Src/main.c:335:13:MX_USART2_UART_Init	8	static
../Core/Src/main.c:383:13:MX_GPIO_Init	40	static
../Core/Src/main.c:417:6:HAL_FDCAN_RxFifo0Callback	64	static
../Core/Src/main.c:442:6:Error_Handler	4	static,ignoring_inline_asm
