../Core/Src/main.c:75:5:_write	24	static
../Core/Src/main.c:82:9:read_encoder_value	24	static
../Core/Src/main.c:100:7:Dgr2Rad	16	static
../Core/Src/main.c:111:5:main	8	static
../Core/Src/main.c:159:6:SystemClock_Config	88	static
../Core/Src/main.c:206:13:MX_I2C3_Init	8	static
../Core/Src/main.c:254:13:MX_TIM2_Init	56	static
../Core/Src/main.c:303:13:MX_TIM3_Init	56	static
../Core/Src/main.c:353:13:MX_TIM6_Init	24	static
../Core/Src/main.c:391:13:MX_USART2_UART_Init	8	static
../Core/Src/main.c:439:13:MX_GPIO_Init	40	static
../Core/Src/main.c:460:6:BNO055_Init	32	static
../Core/Src/main.c:504:6:HAL_TIM_PeriodElapsedCallback	56	static
../Core/Src/main.c:534:6:Error_Handler	4	static,ignoring_inline_asm
