../Core/Src/main.c:72:5:_write	24	static
../Core/Src/main.c:78:6:CylN	16	static
../Core/Src/main.c:86:6:CylPush	16	static
../Core/Src/main.c:94:6:CylPull	16	static
../Core/Src/main.c:102:6:CylThrow	16	static
../Core/Src/main.c:114:6:CylRThrow	16	static
../Core/Src/main.c:124:6:CylStop	16	static
../Core/Src/main.c:129:6:CylDrive1	16	static
../Core/Src/main.c:146:6:CylDrive2	16	static
../Core/Src/main.c:171:5:main	16	static
../Core/Src/main.c:254:6:SystemClock_Config	88	static
../Core/Src/main.c:301:13:MX_FDCAN1_Init	40	static
../Core/Src/main.c:365:13:MX_TIM2_Init	48	static
../Core/Src/main.c:415:13:MX_TIM3_Init	48	static
../Core/Src/main.c:465:13:MX_USART2_UART_Init	8	static
../Core/Src/main.c:513:13:MX_GPIO_Init	40	static
../Core/Src/main.c:547:6:HAL_FDCAN_RxFifo0Callback	64	static
../Core/Src/main.c:572:6:Error_Handler	4	static,ignoring_inline_asm
