../Core/Src/main.c:67:5:_write	24	static
../Core/Src/main.c:73:6:CylN	16	static
../Core/Src/main.c:79:6:CylPush	16	static
../Core/Src/main.c:85:6:CylPull	16	static
../Core/Src/main.c:91:6:CylThrow	16	static
../Core/Src/main.c:101:6:CylRThrow	16	static
../Core/Src/main.c:118:5:main	16	static
../Core/Src/main.c:192:6:SystemClock_Config	88	static
../Core/Src/main.c:239:13:MX_FDCAN1_Init	40	static
../Core/Src/main.c:303:13:MX_USART2_UART_Init	8	static
../Core/Src/main.c:351:13:MX_GPIO_Init	40	static
../Core/Src/main.c:385:6:HAL_FDCAN_RxFifo0Callback	64	static
../Core/Src/main.c:410:6:Error_Handler	4	static,ignoring_inline_asm
