../Core/Src/main.c:72:5:_write	24	static
../Core/Src/main.c:78:9:read_encoder_value	24	static
../Core/Src/main.c:98:5:main	120	static
../Core/Src/main.c:167:6:SystemClock_Config	88	static
../Core/Src/main.c:214:13:MX_I2C3_Init	8	static
../Core/Src/main.c:263:13:MX_SPI1_Init	8	static
../Core/Src/main.c:303:13:MX_TIM2_Init	56	static
../Core/Src/main.c:352:13:MX_TIM3_Init	56	static
../Core/Src/main.c:401:13:MX_USART2_UART_Init	8	static
../Core/Src/main.c:449:13:MX_GPIO_Init	40	static
../Core/Src/main.c:470:6:BNO055_Init	32	static
../Core/Src/main.c:512:6:Error_Handler	4	static,ignoring_inline_asm
