../Core/Src/main.c:73:5:_write	24	static
../Core/Src/main.c:79:10:Filter	16	static
../Core/Src/main.c:89:5:main	8	static
../Core/Src/main.c:138:6:SystemClock_Config	88	static
../Core/Src/main.c:185:13:MX_ADC2_Init	40	static
../Core/Src/main.c:292:13:MX_FDCAN1_Init	40	static
../Core/Src/main.c:367:13:MX_TIM6_Init	24	static
../Core/Src/main.c:406:13:MX_USART2_UART_Init	8	static
../Core/Src/main.c:453:13:MX_DMA_Init	16	static
../Core/Src/main.c:472:13:MX_GPIO_Init	40	static
../Core/Src/main.c:493:6:HAL_TIM_PeriodElapsedCallback	48	static
../Core/Src/main.c:527:6:Error_Handler	4	static,ignoring_inline_asm
