../Core/Src/main.c:93:5:_write	24	static
../Core/Src/main.c:105:5:main	8	static
../Core/Src/main.c:159:6:SystemClock_Config	88	static
../Core/Src/main.c:206:13:MX_FDCAN1_Init	40	static
../Core/Src/main.c:283:13:MX_TIM3_Init	40	static
../Core/Src/main.c:328:13:MX_USART2_UART_Init	8	static
../Core/Src/main.c:377:13:MX_GPIO_Init	40	static
../Core/Src/main.c:405:6:HAL_FDCAN_RxFifo0Callback	72	static
../Core/Src/main.c:432:6:CAN_Motordrive	24	static
../Core/Src/main.c:453:6:HAL_TIM_PeriodElapsedCallback	32	static
../Core/Src/main.c:517:6:Error_Handler	4	static,ignoring_inline_asm
