../Core/Src/main.c:72:5:_write	24	static
../Core/Src/main.c:78:6:CylN	16	static
../Core/Src/main.c:84:6:CylPush	16	static
../Core/Src/main.c:90:6:CylPull	16	static
../Core/Src/main.c:96:6:CylThrow	16	static
../Core/Src/main.c:106:6:CylRThrow	16	static
../Core/Src/main.c:116:6:CylStop	16	static
../Core/Src/main.c:121:6:CylDrive2	16	static
../Core/Src/main.c:140:6:CylDrive1	16	static
../Core/Src/main.c:154:6:CylDrive3	16	static
../Core/Src/main.c:172:5:main	16	static
../Core/Src/main.c:256:6:SystemClock_Config	88	static
../Core/Src/main.c:303:13:MX_FDCAN1_Init	40	static
../Core/Src/main.c:367:13:MX_USART2_UART_Init	8	static
../Core/Src/main.c:415:13:MX_GPIO_Init	40	static
../Core/Src/main.c:449:6:HAL_FDCAN_RxFifo0Callback	64	static
../Core/Src/main.c:474:6:Error_Handler	4	static,ignoring_inline_asm
